{
    "raw VCF through PLINK C+T, Gaussian phenotype model, and report": {
        "content": [
            "software_versions.yml:md5,582a4845de058fa7ee9ded1f55e6db06"
        ],
        "timestamp": "2026-09-08T22:08:03",
        "meta": {
            "nf-test": "0.9.5",
            "nextflow": "25.10.4"
        }
    }
}
