{
    "PGEN, BED, PED, BGEN, VCF, and GenomeStudio reach target QC": {
        "content": [
            "software_versions.yml:md5,7ecb51e9946f8a53ef4093456ef3c0ff"
        ],
        "timestamp": "2026-09-02T23:20:12.614657323",
        "meta": {
            "nf-test": "0.9.5",
            "nextflow": "26.04.6"
        }
    }
}
