{
    "PGEN, BED, PED, BGEN, VCF, and GenomeStudio reach target QC": {
        "content": [
            "software_versions.yml:md5,fd9e35406bb4200fb6f5cf4da93f89b3"
        ],
        "timestamp": "2026-09-03T16:22:50.6617958",
        "meta": {
            "nf-test": "0.9.5",
            "nextflow": "26.04.6"
        }
    }
}