{
    "relative BED, GWAS, and reference paths complete PLINK scoring": {
        "content": [
            "software_versions.yml:md5,9481253b7c2dad00d5e30aaff2c16805"
        ],
        "timestamp": "2026-09-04T11:27:42.041094774",
        "meta": {
            "nf-test": "0.9.5",
            "nextflow": "26.04.6"
        }
    }
}
