{
    "raw VCF stops after target QC without PRS or phenotype work": {
        "content": [
            "software_versions.yml:md5,4a5a3e741bc8c20238deea482251aa77"
        ],
        "timestamp": "2026-09-07T14:08:10.473792147",
        "meta": {
            "nf-test": "0.9.5",
            "nextflow": "25.10.4"
        }
    }
}
