{
    "raw VCF stops after target QC without PRS or phenotype work": {
        "content": [
            "software_versions.yml:md5,2c77e71b08441dc62aaa6120e1962b66"
        ],
        "timestamp": "2026-09-01T20:59:58.013769811",
        "meta": {
            "nf-test": "0.9.5",
            "nextflow": "26.04.6"
        }
    }
}
